[    2235ms] [LOG] jsStartup @ https://betsys0.emrsn.com/OA_HTML/AppsLocalLogin.jsp?login.js:825
[    2236ms] [LOG] call jsStartup @ https://betsys0.emrsn.com/OA_HTML/AppsLocalLogin.jsp?login.js:700
[    2236ms] [ERROR] Refused to set unsafe header "Content-length" @ https://betsys0.emrsn.com/OA_HTML/AppsLocalLogin.jsp?login.js:705
[    2236ms] [ERROR] Refused to set unsafe header "Connection" @ https://betsys0.emrsn.com/OA_HTML/AppsLocalLogin.jsp?login.js:706
[    2764ms] [LOG] loaded: login.js @ https://betsys0.emrsn.com/OA_HTML/AppsLocalLogin.jsp?login.js:1141
[    2800ms] [VERBOSE] [DOM] Input elements should have autocomplete attributes (suggested: "current-password"): (More info: https://goo.gl/9p2vKq) %o @ https://betsys0.emrsn.com/OA_HTML/AppsLocalLogin.jsp:0
[    2801ms] [LOG] startup @ https://betsys0.emrsn.com/OA_HTML/AppsLocalLogin.jsp?login.js:984
[    2801ms] [LOG] starup: AppsLoginPage.loaded=true @ https://betsys0.emrsn.com/OA_HTML/AppsLocalLogin.jsp?login.js:985
[    2801ms] [LOG] Var test:true @ https://betsys0.emrsn.com/OA_HTML/AppsLocalLogin.jsp?login.js:990
[    2814ms] [LOG] Initial : 30 @ https://betsys0.emrsn.com/OA_HTML/AppsLocalLogin.jsp?login.js:143
[    2814ms] [LOG] Initial : 30 @ https://betsys0.emrsn.com/OA_HTML/AppsLocalLogin.jsp?login.js:143
[    2819ms] [LOG] Window.onshow:  @ https://betsys0.emrsn.com/OA_HTML/AppsLocalLogin.jsp?login.js:1120
[    2819ms] [LOG] Window.onshow:[object PageTransitionEvent] trusted:true persisted:false @ https://betsys0.emrsn.com/OA_HTML/AppsLocalLogin.jsp?login.js:1121
[    2819ms] [LOG] AppsLoginPage.loaded=true @ https://betsys0.emrsn.com/OA_HTML/AppsLocalLogin.jsp?login.js:1122
[    3003ms] [LOG] call AuthenticateUser @ https://betsys0.emrsn.com/OA_HTML/AppsLocalLogin.jsp?login.js:700
[    3003ms] [ERROR] Refused to set unsafe header "Content-length" @ https://betsys0.emrsn.com/OA_HTML/AppsLocalLogin.jsp?login.js:705
[    3003ms] [ERROR] Refused to set unsafe header "Connection" @ https://betsys0.emrsn.com/OA_HTML/AppsLocalLogin.jsp?login.js:706
[    3075ms] [ERROR] Failed to load resource: the server responded with a status of 404 (Not Found) @ https://betsys0.emrsn.com/favicon.ico:0
[    3081ms] [ERROR] Failed to load resource: the server responded with a status of 404 (Not Found) @ https://betsys0.emrsn.com/OA_HTML/media/apply.jpg:0
[    5748ms] [LOG] window.unload: @ https://betsys0.emrsn.com/OA_HTML/AppsLocalLogin.jsp?login.js:1129
[    5748ms] [LOG] Event @ https://betsys0.emrsn.com/OA_HTML/AppsLocalLogin.jsp?login.js:1130
[    6014ms] [ERROR] Failed to load resource: the server responded with a status of 404 (Not Found) @ https://betsys0.emrsn.com/OA_HTML/oraclejet/js/libs/require/require.js:0
[    6014ms] [ERROR] Refused to execute script from 'https://betsys0.emrsn.com/OA_HTML/oraclejet/js/libs/require/require.js' because its MIME type ('text/html') is not executable, and strict MIME type checking is enabled. @ https://betsys0.emrsn.com/OA_HTML/OA.jsp?OAFunc=OANEWHOMEPAGE:0
