[    2753ms] [LOG] jsStartup @ https://betsys0.emrsn.com/OA_HTML/AppsLocalLogin.jsp?login.js:825
[    2757ms] [LOG] call jsStartup @ https://betsys0.emrsn.com/OA_HTML/AppsLocalLogin.jsp?login.js:700
[    2758ms] [ERROR] Refused to set unsafe header "Content-length" @ https://betsys0.emrsn.com/OA_HTML/AppsLocalLogin.jsp?login.js:705
[    2758ms] [ERROR] Refused to set unsafe header "Connection" @ https://betsys0.emrsn.com/OA_HTML/AppsLocalLogin.jsp?login.js:706
[    3470ms] [LOG] loaded: login.js @ https://betsys0.emrsn.com/OA_HTML/AppsLocalLogin.jsp?login.js:1141
[    3539ms] [VERBOSE] [DOM] Input elements should have autocomplete attributes (suggested: "current-password"): (More info: https://goo.gl/9p2vKq) %o @ https://betsys0.emrsn.com/OA_HTML/AppsLocalLogin.jsp:0
[    3542ms] [LOG] startup @ https://betsys0.emrsn.com/OA_HTML/AppsLocalLogin.jsp?login.js:984
[    3543ms] [LOG] starup: AppsLoginPage.loaded=true @ https://betsys0.emrsn.com/OA_HTML/AppsLocalLogin.jsp?login.js:985
[    3543ms] [LOG] Var test:true @ https://betsys0.emrsn.com/OA_HTML/AppsLocalLogin.jsp?login.js:990
[    3565ms] [LOG] Initial : 30 @ https://betsys0.emrsn.com/OA_HTML/AppsLocalLogin.jsp?login.js:143
[    3565ms] [LOG] Initial : 30 @ https://betsys0.emrsn.com/OA_HTML/AppsLocalLogin.jsp?login.js:143
[    3574ms] [LOG] Window.onshow:  @ https://betsys0.emrsn.com/OA_HTML/AppsLocalLogin.jsp?login.js:1120
[    3575ms] [LOG] Window.onshow:[object PageTransitionEvent] trusted:true persisted:false @ https://betsys0.emrsn.com/OA_HTML/AppsLocalLogin.jsp?login.js:1121
[    3575ms] [LOG] AppsLoginPage.loaded=true @ https://betsys0.emrsn.com/OA_HTML/AppsLocalLogin.jsp?login.js:1122
[    3811ms] [LOG] call AuthenticateUser @ https://betsys0.emrsn.com/OA_HTML/AppsLocalLogin.jsp?login.js:700
[    3812ms] [ERROR] Refused to set unsafe header "Content-length" @ https://betsys0.emrsn.com/OA_HTML/AppsLocalLogin.jsp?login.js:705
[    3812ms] [ERROR] Refused to set unsafe header "Connection" @ https://betsys0.emrsn.com/OA_HTML/AppsLocalLogin.jsp?login.js:706
[    3938ms] [ERROR] Failed to load resource: the server responded with a status of 404 (Not Found) @ https://betsys0.emrsn.com/favicon.ico:0
[    3963ms] [ERROR] Failed to load resource: the server responded with a status of 404 (Not Found) @ https://betsys0.emrsn.com/OA_HTML/media/apply.jpg:0
[    6516ms] [LOG] window.unload: @ https://betsys0.emrsn.com/OA_HTML/AppsLocalLogin.jsp?login.js:1129
[    6517ms] [LOG] Event @ https://betsys0.emrsn.com/OA_HTML/AppsLocalLogin.jsp?login.js:1130
[    6886ms] [ERROR] Failed to load resource: the server responded with a status of 404 (Not Found) @ https://betsys0.emrsn.com/OA_HTML/oraclejet/js/libs/require/require.js:0
[    7941ms] [ERROR] Refused to execute script from 'https://betsys0.emrsn.com/OA_HTML/oraclejet/js/libs/require/require.js' because its MIME type ('text/html') is not executable, and strict MIME type checking is enabled. @ https://betsys0.emrsn.com/OA_HTML/OA.jsp?OAFunc=OANEWHOMEPAGE:0
